[SPX] Starting
[SPX] Trading 2 products: MANGO MILK
[SPX] Created FIFO /tmp/spx_exchange_0
[SPX] Created FIFO /tmp/spx_trader_0
[SPX] Connected to /tmp/spx_exchange_0
[SPX] Connected to /tmp/spx_trader_0
[SPX] [T0] Parsing command: <SELL 0 MANGO 10 10>
[SPX]	--ORDERBOOK--
[SPX]	Product: MANGO; Buy levels: 0; Sell levels: 1
[SPX]		SELL 10 @ $10 (1 order)
[SPX]	Product: MILK; Buy levels: 0; Sell levels: 0
[SPX]	--POSITIONS--
[SPX]	Trader 0: MANGO 0 ($0), MILK 0 ($0)
[SPX] [T0] Parsing command: <CANCEL 0>
[SPX]	--ORDERBOOK--
[SPX]	Product: MANGO; Buy levels: 0; Sell levels: 0
[SPX]	Product: MILK; Buy levels: 0; Sell levels: 0
[SPX]	--POSITIONS--
[SPX]	Trader 0: MANGO 0 ($0), MILK 0 ($0)
[SPX] [T0] Parsing command: <CANCEL 10>
[SPX] [T0] Parsing command: <BUY 1 MANGO 10 10>
[SPX]	--ORDERBOOK--
[SPX]	Product: MANGO; Buy levels: 1; Sell levels: 0
[SPX]		BUY 10 @ $10 (1 order)
[SPX]	Product: MILK; Buy levels: 0; Sell levels: 0
[SPX]	--POSITIONS--
[SPX]	Trader 0: MANGO 0 ($0), MILK 0 ($0)
[SPX] [T0] Parsing command: <CANCEL 1>
[SPX]	--ORDERBOOK--
[SPX]	Product: MANGO; Buy levels: 0; Sell levels: 0
[SPX]	Product: MILK; Buy levels: 0; Sell levels: 0
[SPX]	--POSITIONS--
[SPX]	Trader 0: MANGO 0 ($0), MILK 0 ($0)
[SPX] Trader 0 disconnected
[SPX] Trading completed
[SPX] Exchange fees collected: $0
