[SPX] Starting
[SPX] Trading 1 products: WATER
[SPX] Created FIFO /tmp/spx_exchange_0
[SPX] Created FIFO /tmp/spx_trader_0
[SPX] Connected to /tmp/spx_exchange_0
[SPX] Connected to /tmp/spx_trader_0
[SPX] [T0] Parsing command: <SELL 1000000 WATER 10 10>
[SPX] [T0] Parsing command: <SELL -1 WATER 10 10>
[SPX] [T0] Parsing command: <SELL 0 CHEESE CHEESE CHEESE CHEESE 10 10>
[SPX] [T0] Parsing command: <SELL 0 waTER 10 10>
[SPX] [T0] Parsing command: <SELL 0 WATERMELON 10 10>
[SPX] [T0] Parsing command: <SELL 0 WATER  10 10>
[SPX]	--ORDERBOOK--
[SPX]	Product: WATER; Buy levels: 0; Sell levels: 1
[SPX]		SELL 10 @ $10 (1 order)
[SPX]	--POSITIONS--
[SPX]	Trader 0: WATER 0 ($0)
[SPX] [T0] Parsing command: <SELL 0 WATER -1 10>
[SPX] [T0] Parsing command: <SELL 0 WATER 0 10>
[SPX] [T0] Parsing command: <SELL 0 WATER 1000000 10>
[SPX] [T0] Parsing command: <SELL 0 WATER 10 -1>
[SPX] [T0] Parsing command: <SELL 0 WATER 10 0>
[SPX] [T0] Parsing command: <SELL 0 WATER 10 1000000>
[SPX] [T0] Parsing command: <SELL 0 WATER 10 10>
[SPX] [T0] Parsing command: <SELL 2 WATER 29 14>
[SPX] [T0] Parsing command: <SELL 1 WATER 20 15>
[SPX]	--ORDERBOOK--
[SPX]	Product: WATER; Buy levels: 0; Sell levels: 2
[SPX]		SELL 20 @ $15 (1 order)
[SPX]		SELL 10 @ $10 (1 order)
[SPX]	--POSITIONS--
[SPX]	Trader 0: WATER 0 ($0)
[SPX] [T0] Parsing command: <SELL 1 WATER 20 15>
[SPX] [T0] Parsing command: <SELL 2 WATER 100 12>
[SPX]	--ORDERBOOK--
[SPX]	Product: WATER; Buy levels: 0; Sell levels: 3
[SPX]		SELL 20 @ $15 (1 order)
[SPX]		SELL 100 @ $12 (1 order)
[SPX]		SELL 10 @ $10 (1 order)
[SPX]	--POSITIONS--
[SPX]	Trader 0: WATER 0 ($0)
[SPX] Trader 0 disconnected
[SPX] Trading completed
[SPX] Exchange fees collected: $0
